abc*+
ab+zx+*
at+bac++cd+^*
ab*c+
abc*+
ab*c+
ab+c*
abc*+
abc+*
abcd*+ef*g+*+
